(* Generated Thu Nov 13 00:35:22 2014 *)
let bool_xor : bool -> bool -> bool =
  fun (b1:bool) ->
    fun (b2:bool) ->
      match b1 with
        | True -> (match b2 with
                     | True -> False
                     | False -> True)
        | False -> b2
;;
