(* Generated Thu Nov 13 00:35:52 2014 *)
let list_sum : list -> nat =
  fun (l1:list) -> fold l1 add O
;;
