(* Generated Thu Nov 13 00:35:52 2014 *)
let list_stutter : list -> list =
  let rec f1 (l1:list) : list =
    match l1 with
      | Nil -> Nil
      | Cons (n1, l2) -> Cons (n1, Cons (n1, f1 l2))
  in
    f1
;;
