(* Generated Thu Nov 13 00:35:51 2014 *)
let list_rev_append : list -> list =
  let rec f1 (l1:list) : list =
    match l1 with
      | Nil -> Nil
      | Cons (n1, l2) -> append (f1 l2) (Cons (n1, Nil))
  in
    f1
;;
