(* Generated Thu Nov 13 00:35:27 2014 *)
let list_map : (nat -> nat) -> list -> list =
  fun (f2:nat -> nat) ->
    let rec f3 (l1:list) : list =
      match l1 with
        | Nil -> Nil
        | Cons (n1, l2) -> Cons (f2 n1, f3 l2)
    in
      f3
;;
